current directory: /vercel/sandbox/vendor/bundle/ruby/3.2.0/gems/google-protobuf-3.21.12/ext/google/protobuf_c
/usr/bin/ruby3.2 -I/usr/share/ruby3.2-rubygems extconf.rb
creating Makefile

current directory: /vercel/sandbox/vendor/bundle/ruby/3.2.0/gems/google-protobuf-3.21.12/ext/google/protobuf_c
make DESTDIR\= sitearchdir\=./.gem.20260108-60143-ks9jeu sitelibdir\=./.gem.20260108-60143-ks9jeu clean

current directory: /vercel/sandbox/vendor/bundle/ruby/3.2.0/gems/google-protobuf-3.21.12/ext/google/protobuf_c
make DESTDIR\= sitearchdir\=./.gem.20260108-60143-ks9jeu sitelibdir\=./.gem.20260108-60143-ks9jeu
compiling protobuf.c
compiling convert.c
compiling defs.c
compiling message.c
compiling repeated_field.c
compiling map.c
compiling ruby-upb.c
ruby-upb.c: In function 'assign_layout_indices':
ruby-upb.c:6884:43: warning: comparison of integer expressions of different signedness: 'uint32_t' {aka 'unsigned int'} and 'int' [-Wsign-compare]
 6884 |     if (i < UINT8_MAX && fields[i].number == i + 1 &&
      |                                           ^~
ruby-upb.c:6885:41: warning: comparison of integer expressions of different signedness: 'uint32_t' {aka 'unsigned int'} and 'int' [-Wsign-compare]
 6885 |         (i == 0 || fields[i - 1].number == i)) {
      |                                         ^~
ruby-upb.c: In function 'create_fielddef':
ruby-upb.c:7788:30: warning: comparison of integer expressions of different signedness: 'uint32_t' {aka 'unsigned int'} and 'int32_t' {aka 'int'} [-Wsign-compare]
 7788 |         if (fields[i].number == field_number) {
      |                              ^~
ruby-upb.c:7842:21: warning: comparison of integer expressions of different signedness: 'uint32_t' {aka 'unsigned int'} and 'int' [-Wsign-compare]
 7842 |     if (oneof_index >= m->oneof_count) {
      |                     ^~
ruby-upb.c: In function '_upb_EnumReservedNames_New':
ruby-upb.c:8023:24: warning: comparison of integer expressions of different signedness: 'size_t' {aka 'long unsigned int'} and 'int' [-Wsign-compare]
 8023 |   for (size_t i = 0; i < n; i++) {
      |                        ^
ruby-upb.c: In function '_upb_ReservedNames_New':
ruby-upb.c:8103:24: warning: comparison of integer expressions of different signedness: 'size_t' {aka 'long unsigned int'} and 'int' [-Wsign-compare]
 8103 |   for (size_t i = 0; i < n; i++) {
      |                        ^
ruby-upb.c: In function 'resolve_extension':
ruby-upb.c:8306:18: warning: comparison of integer expressions of different signedness: 'int32_t' {aka 'int'} and 'uint32_t' {aka 'unsigned int'} [-Wsign-compare]
 8306 |     if (r->start <= f->number_ && f->number_ < r->end) {
      |                  ^~
ruby-upb.c:8306:46: warning: comparison of integer expressions of different signedness: 'uint32_t' {aka 'unsigned int'} and 'int32_t' {aka 'int'} [-Wsign-compare]
 8306 |     if (r->start <= f->number_ && f->number_ < r->end) {
      |                                              ^
ruby-upb.c: In function 'build_filedef':
ruby-upb.c:8432:21: warning: comparison of integer expressions of different signedness: 'int' and 'size_t' {aka 'long unsigned int'} [-Wsign-compare]
 8432 |   for (int i = 0; i < n; i++) {
      |                     ^
ruby-upb.c: In function 'decode_findfield':
ruby-upb.c:9976:36: warning: comparison of integer expressions of different signedness: 'size_t' {aka 'long unsigned int'} and 'int' [-Wsign-compare]
 9976 |     for (idx = l->dense_below; idx < last; idx++) {
      |                                    ^
ruby-upb.c: In function 'upb_inttable_next2':
ruby-upb.c:12034:9: warning: comparison of integer expressions of different signedness: 'intptr_t' {aka 'long int'} and 'size_t' {aka 'long unsigned int'} [-Wsign-compare]
12034 |   if (i < t->array_size) {
      |         ^
ruby-upb.c:12035:16: warning: comparison of integer expressions of different signedness: 'intptr_t' {aka 'long int'} and 'size_t' {aka 'long unsigned int'} [-Wsign-compare]
12035 |     while (++i < t->array_size) {
      |                ^
ruby-upb.c:12046:42: warning: operand of '?:' changes signedness from 'int' to 'long unsigned int' due to unsignedness of other operand [-Wsign-compare]
12046 |   size_t tab_idx = next(&t->t, i == -1 ? -1 : i - t->array_size);
      |                                          ^~
ruby-upb.c: In function 'upb_inttable_removeiter':
ruby-upb.c:12060:9: warning: comparison of integer expressions of different signedness: 'intptr_t' {aka 'long int'} and 'size_t' {aka 'long unsigned int'} [-Wsign-compare]
12060 |   if (i < t->array_size) {
      |         ^
In file included from ruby-upb.c:2:
ruby-upb.c: In function '_upb_DefPool_FindExtensionByMiniTable':
ruby-upb.h:801:12: warning: 'v.val' may be used uninitialized in this function [-Wmaybe-uninitialized]
  801 |     return (type_t)(converter)val.val;                               \
      |            ^
ruby-upb.c:8741:13: note: 'v.val' was declared here
 8741 |   upb_value v;
      |             ^
In file included from ruby-upb.c:2:
ruby-upb.c: In function 'upb_Message_Next':
ruby-upb.h:801:12: warning: 'v.val' may be used uninitialized in this function [-Wmaybe-uninitialized]
  801 |     return (type_t)(converter)val.val;                               \
      |            ^
ruby-upb.c:8741:13: note: 'v.val' was declared here
 8741 |   upb_value v;
      |             ^
In file included from ruby-upb.c:2:
ruby-upb.c: In function 'upb_DefPool_FindExtensionByNumber':
ruby-upb.h:801:12: warning: 'v.val' may be used uninitialized in this function [-Wmaybe-uninitialized]
  801 |     return (type_t)(converter)val.val;                               \
      |            ^
ruby-upb.c:8741:13: note: 'v.val' was declared here
 8741 |   upb_value v;
      |             ^
compiling wrap_memcpy.c
compiling ./third_party/utf8_range/naive.c
compiling ./third_party/utf8_range/range2-neon.c
compiling ./third_party/utf8_range/range2-sse.c
linking shared-object google/protobuf_c.so
lto-wrapper: warning: using serial compilation of 3 LTRANS jobs
/usr/bin/ld: /tmp/cch4SrDZ.ltrans1.ltrans.o: in function `jsondec_string':
/usr/include/bits/string_fortified.h:29:(.text+0x2a07): undefined reference to `__wrap_memcpy'
/usr/bin/ld: /usr/include/bits/string_fortified.h:29:(.text+0x2acb): undefined reference to `__wrap_memcpy'
/usr/bin/ld: /tmp/cch4SrDZ.ltrans1.ltrans.o: in function `jsonenc_putbytes.lto_priv.0':
/usr/include/bits/string_fortified.h:29:(.text+0x351f): undefined reference to `__wrap_memcpy'
/usr/bin/ld: /usr/include/bits/string_fortified.h:29:(.text+0x354c): undefined reference to `__wrap_memcpy'
/usr/bin/ld: /tmp/cch4SrDZ.ltrans1.ltrans.o: in function `upb_JsonEncode_Double.lto_priv.0':
/usr/include/bits/string_fortified.h:29:(.text+0x4118): undefined reference to `__wrap_memcpy'
/usr/bin/ld: /tmp/cch4SrDZ.ltrans1.ltrans.o:/usr/include/bits/string_fortified.h:29: more undefined references to `__wrap_memcpy' follow
collect2: error: ld returned 1 exit status
make: *** [Makefile:266: protobuf_c.so] Error 1

make failed, exit code 2
